
running 1 test

[perf] e2e session: updates=4.9 MB rewind=0.0 MB

[perf] e2e: updates.jsonl composition (4.9 MB total):
  sessionUpdate kind                  count         MB       %
  agent_message_chunk                  1024        4.4   89.3%
  available_commands_update             256        0.5   10.1%
  user_message_chunk                    128        0.0    0.6%

[perf] ===== END-TO-END session/load (what the pager waits on) =====
  total session/load round-trip :     485.5 ms
  notifications replayed         :      1155
  available_commands_update      :         1 replayed / 256 on disk
  post-load re-advertise reached :      true
  time-to-first notification     :     142.9 ms
  time-to-last notification      :     485.5 ms
  ---- shell-side per-phase instrumentation (elapsed) ----
  session.load_session                         483.9 ms
  session.spawn_and_register_session           200.6 ms
  session.spawn_and_register                   200.3 ms
  session.load_session_replay                  154.0 ms
  session.spawn_actor_call                     110.2 ms
  session.replay.drain_completions              76.0 ms
  session.replay.read_and_filter                53.3 ms
  session.reconcile_stale_tasks                 40.2 ms
  session.load_light                            25.6 ms
  session.replay.forward_updates                22.5 ms
  skill_discovery                                5.4 ms
  skill_discovery                                5.2 ms
  plugin_discovery                               0.3 ms
  mcp_merge                                      0.1 ms
  plugin_discovery                               0.0 ms
  session.delta_flush_replay                     0.0 ms
================================================================

test full_session_load_e2e ... ok

test result: ok. 1 passed; 0 failed; 0 ignored; 0 measured; 1 filtered out; finished in 4.80s

