
running 1 test
test full_session_load_e2e ... 
[perf] e2e session: updates=19.6 MB rewind=0.0 MB

[perf] e2e: updates.jsonl composition (19.6 MB total):
  sessionUpdate kind                  count         MB       %
  agent_message_chunk                  4096       17.6   89.3%
  available_commands_update            1024        2.0   10.1%
  user_message_chunk                    512        0.1    0.6%

[perf] ===== END-TO-END session/load (what the pager waits on) =====
  total session/load round-trip :    1378.4 ms
  notifications replayed         :      4611
  available_commands_update      :         1 replayed / 1024 on disk
  live catalog reached          :      true
  time-to-first notification     :     422.8 ms
  time-to-last notification      :    1378.4 ms
  ---- shell-side per-phase instrumentation (elapsed) ----
  session.load_session                        1377.2 ms
  session.load_session_replay                  609.7 ms
  session.spawn_and_register_session           462.7 ms
  session.spawn_and_register                   462.5 ms
  session.replay.drain_completions             305.7 ms
  session.spawn_actor_call                     302.5 ms
  session.replay.read_and_filter               207.3 ms
  session.reconcile_stale_tasks                160.0 ms
  session.replay.forward_updates                90.5 ms
  session.load_light                            80.3 ms
  skill_discovery                               10.2 ms
  session.replay.read_snapshot                   6.0 ms
  plugin_discovery                               0.2 ms
  mcp_merge                                      0.1 ms
  session.delta_flush_replay                     0.0 ms
================================================================

ok

test result: ok. 1 passed; 0 failed; 0 ignored; 0 measured; 1 filtered out; finished in 17.55s

